../Core/Src/main.c:82:6:Set_Wave_Amplitude	32	static
../Core/Src/main.c:111:6:Set_Wave_Frequency	32	static
../Core/Src/main.c:131:6:Update_Wave_Output	24	static
../Core/Src/main.c:154:5:main	8	static
../Core/Src/main.c:211:6:SystemClock_Config	120	static
../Core/Src/main.c:262:13:MX_DAC1_Init	48	static
../Core/Src/main.c:305:13:MX_TIM6_Init	24	static
../Core/Src/main.c:341:13:MX_DMA_Init	16	static
../Core/Src/main.c:359:13:MX_GPIO_Init	40	static
../Core/Src/main.c:386:6:HAL_GPIO_EXTI_Callback	16	static
../Core/Src/main.c:401:6:Error_Handler	4	static,ignoring_inline_asm
